// Jest Snapshot v1, https://goo.gl/fbAQLP

exports[`basic tests test 1 1`] = `
Array [
  Array [
    2,
    3,
  ],
  Array [
    2,
  ],
  Array [
    3,
  ],
]
`;

exports[`basic tests test 2 1`] = `
Array [
  Array [
    1,
    2,
    3,
  ],
  Array [
    1,
    2,
    4,
  ],
  Array [
    1,
    3,
    4,
  ],
  Array [
    2,
    3,
    4,
  ],
]
`;

exports[`basic tests test 3 1`] = `Array []`;

exports[`basic tests test 4 1`] = `
Array [
  Array [
    1,
  ],
  Array [
    2,
  ],
  Array [
    3,
  ],
  Array [
    4,
  ],
]
`;

exports[`basic tests test 5 1`] = `
Array [
  Array [
    1,
  ],
  Array [
    2,
  ],
  Array [
    3,
  ],
  Array [
    4,
  ],
]
`;

exports[`basic tests test 6 1`] = `
Array [
  Array [
    1,
    2,
  ],
  Array [
    1,
    3,
  ],
  Array [
    1,
    4,
  ],
  Array [
    2,
    3,
  ],
  Array [
    2,
    4,
  ],
  Array [
    3,
    4,
  ],
]
`;

exports[`basic tests test 7 1`] = `
Array [
  Array [
    1,
    2,
    3,
    4,
  ],
  Array [
    1,
    2,
    3,
  ],
  Array [
    1,
    2,
    4,
  ],
  Array [
    1,
    2,
  ],
  Array [
    1,
    3,
    4,
  ],
  Array [
    1,
    3,
  ],
  Array [
    1,
    4,
  ],
  Array [
    1,
  ],
  Array [
    2,
    3,
    4,
  ],
  Array [
    2,
    3,
  ],
  Array [
    2,
    4,
  ],
  Array [
    2,
  ],
  Array [
    3,
    4,
  ],
  Array [
    3,
  ],
  Array [
    4,
  ],
]
`;

exports[`basic tests test 8 1`] = `
Array [
  Array [
    1,
    2,
    3,
  ],
  Array [
    1,
    2,
    4,
  ],
  Array [
    1,
    2,
  ],
  Array [
    1,
    3,
    4,
  ],
  Array [
    1,
    3,
  ],
  Array [
    1,
    4,
  ],
  Array [
    2,
    3,
    4,
  ],
  Array [
    2,
    3,
  ],
  Array [
    2,
    4,
  ],
  Array [
    3,
    4,
  ],
]
`;

exports[`basic tests test 9 1`] = `
Array [
  Array [
    1,
    2,
    3,
    4,
  ],
  Array [
    1,
    2,
    3,
  ],
  Array [
    1,
    2,
    4,
  ],
  Array [
    1,
    2,
  ],
  Array [
    1,
    3,
    4,
  ],
  Array [
    1,
    3,
  ],
  Array [
    1,
    4,
  ],
  Array [
    2,
    3,
    4,
  ],
  Array [
    2,
    3,
  ],
  Array [
    2,
    4,
  ],
  Array [
    3,
    4,
  ],
]
`;

exports[`basic tests test 10 1`] = `
Array [
  Array [
    Object {
      "id": 1,
    },
    Object {
      "id": 2,
    },
    Object {
      "id": 3,
    },
  ],
  Array [
    Object {
      "id": 1,
    },
    Object {
      "id": 2,
    },
  ],
  Array [
    Object {
      "id": 1,
    },
    Object {
      "id": 3,
    },
  ],
  Array [
    Object {
      "id": 2,
    },
    Object {
      "id": 3,
    },
  ],
  Array [
    Object {
      "id": 1,
    },
  ],
  Array [
    Object {
      "id": 2,
    },
  ],
  Array [
    Object {
      "id": 3,
    },
  ],
]
`;

exports[`basic tests test 11 1`] = `
Array [
  Array [
    1,
    2,
    3,
  ],
  Array [
    1,
    2,
  ],
  Array [
    1,
    3,
  ],
  Array [
    1,
  ],
  Array [
    2,
    3,
  ],
  Array [
    2,
  ],
  Array [
    3,
  ],
  Array [],
]
`;

exports[`basic tests test 12 1`] = `
Array [
  Array [
    1,
    2,
    3,
    undefined,
  ],
  Array [
    1,
    2,
    3,
  ],
  Array [
    1,
    2,
    undefined,
  ],
  Array [
    1,
    3,
    undefined,
  ],
  Array [
    2,
    3,
    undefined,
  ],
  Array [
    1,
    2,
  ],
  Array [
    1,
    3,
  ],
  Array [
    1,
    undefined,
  ],
  Array [
    2,
    3,
  ],
  Array [
    2,
    undefined,
  ],
  Array [
    3,
    undefined,
  ],
  Array [
    1,
  ],
  Array [
    2,
  ],
  Array [
    3,
  ],
  Array [
    undefined,
  ],
]
`;

exports[`basic tests test 13 1`] = `
Array [
  Array [
    1,
    2,
    3,
    undefined,
  ],
  Array [
    1,
    2,
    3,
  ],
  Array [
    1,
    2,
    undefined,
  ],
  Array [
    1,
    3,
    undefined,
  ],
  Array [
    2,
    3,
    undefined,
  ],
  Array [
    1,
    2,
  ],
  Array [
    1,
    3,
  ],
  Array [
    1,
    undefined,
  ],
  Array [
    2,
    3,
  ],
  Array [
    2,
    undefined,
  ],
  Array [
    3,
    undefined,
  ],
  Array [
    1,
  ],
  Array [
    2,
  ],
  Array [
    3,
  ],
  Array [
    undefined,
  ],
]
`;

exports[`basic tests test 14 1`] = `
Array [
  Array [
    1,
    2,
    3,
    4,
    5,
    6,
  ],
  Array [
    1,
    2,
    3,
    4,
    6,
  ],
  Array [
    1,
    2,
    3,
    5,
    6,
  ],
  Array [
    1,
    2,
    3,
    6,
  ],
  Array [
    1,
    2,
    4,
    5,
    6,
  ],
  Array [
    1,
    2,
    4,
    6,
  ],
  Array [
    1,
    2,
    5,
    6,
  ],
  Array [
    1,
    2,
    6,
  ],
  Array [
    1,
    3,
    4,
    5,
    6,
  ],
  Array [
    1,
    3,
    4,
    6,
  ],
  Array [
    1,
    3,
    5,
    6,
  ],
  Array [
    1,
    3,
    6,
  ],
  Array [
    1,
    4,
    5,
    6,
  ],
  Array [
    1,
    4,
    6,
  ],
  Array [
    1,
    5,
    6,
  ],
  Array [
    1,
    6,
  ],
  Array [
    2,
    3,
    4,
    5,
    6,
  ],
  Array [
    2,
    3,
    4,
    6,
  ],
  Array [
    2,
    3,
    5,
    6,
  ],
  Array [
    2,
    3,
    6,
  ],
  Array [
    2,
    4,
    5,
    6,
  ],
  Array [
    2,
    4,
    6,
  ],
  Array [
    2,
    5,
    6,
  ],
  Array [
    2,
    6,
  ],
  Array [
    3,
    4,
    5,
    6,
  ],
  Array [
    3,
    4,
    6,
  ],
  Array [
    3,
    5,
    6,
  ],
  Array [
    3,
    6,
  ],
  Array [
    4,
    5,
    6,
  ],
  Array [
    4,
    6,
  ],
  Array [
    5,
    6,
  ],
  Array [
    6,
  ],
]
`;

exports[`basic tests test 15 1`] = `
Array [
  Array [
    1,
    2,
    3,
    4,
    5,
    6,
  ],
  Array [
    1,
    2,
    3,
    4,
    5,
  ],
  Array [
    1,
    2,
    3,
    4,
    6,
  ],
  Array [
    1,
    2,
    3,
    4,
  ],
  Array [
    1,
    2,
    3,
    5,
    6,
  ],
  Array [
    1,
    2,
    3,
    5,
  ],
  Array [
    1,
    2,
    3,
    6,
  ],
  Array [
    1,
    2,
    3,
  ],
  Array [
    1,
    2,
    4,
    5,
    6,
  ],
  Array [
    1,
    2,
    4,
    5,
  ],
  Array [
    1,
    2,
    4,
    6,
  ],
  Array [
    1,
    2,
    4,
  ],
  Array [
    1,
    2,
    5,
    6,
  ],
  Array [
    1,
    2,
    5,
  ],
  Array [
    1,
    2,
    6,
  ],
  Array [
    1,
    2,
  ],
  Array [
    1,
    3,
    4,
    5,
    6,
  ],
  Array [
    1,
    3,
    4,
    5,
  ],
  Array [
    1,
    3,
    4,
    6,
  ],
  Array [
    1,
    3,
    4,
  ],
  Array [
    1,
    3,
    5,
    6,
  ],
  Array [
    1,
    3,
    5,
  ],
  Array [
    1,
    3,
    6,
  ],
  Array [
    1,
    3,
  ],
  Array [
    1,
    4,
    5,
    6,
  ],
  Array [
    1,
    4,
    5,
  ],
  Array [
    1,
    4,
    6,
  ],
  Array [
    1,
    4,
  ],
  Array [
    1,
    5,
    6,
  ],
  Array [
    1,
    5,
  ],
  Array [
    1,
    6,
  ],
  Array [
    1,
  ],
  Array [
    2,
    3,
    4,
    5,
    6,
  ],
  Array [
    2,
    3,
    4,
    5,
  ],
  Array [
    2,
    3,
    4,
    6,
  ],
  Array [
    2,
    3,
    4,
  ],
  Array [
    2,
    3,
    5,
    6,
  ],
  Array [
    2,
    3,
    5,
  ],
  Array [
    2,
    3,
    6,
  ],
  Array [
    2,
    3,
  ],
  Array [
    2,
    4,
    5,
    6,
  ],
  Array [
    2,
    4,
    5,
  ],
  Array [
    2,
    4,
    6,
  ],
  Array [
    2,
    4,
  ],
  Array [
    2,
    5,
    6,
  ],
  Array [
    2,
    5,
  ],
  Array [
    2,
    6,
  ],
  Array [
    2,
  ],
]
`;

exports[`basic tests test 16 1`] = `
Array [
  Array [
    1,
    2,
    3,
    4,
    5,
    6,
  ],
  Array [
    1,
    2,
    3,
    4,
    5,
  ],
  Array [
    1,
    2,
    3,
    4,
    6,
  ],
  Array [
    1,
    2,
    3,
    4,
  ],
  Array [
    1,
    2,
    3,
    5,
    6,
  ],
  Array [
    1,
    2,
    3,
    5,
  ],
  Array [
    1,
    2,
    3,
    6,
  ],
  Array [
    1,
    2,
    3,
  ],
  Array [
    1,
    2,
    4,
    5,
    6,
  ],
  Array [
    1,
    2,
    4,
    5,
  ],
  Array [
    1,
    2,
    4,
    6,
  ],
  Array [
    1,
    2,
    4,
  ],
  Array [
    1,
    2,
    5,
    6,
  ],
  Array [
    1,
    2,
    5,
  ],
  Array [
    1,
    2,
    6,
  ],
  Array [
    1,
    2,
  ],
  Array [
    1,
    3,
    4,
    5,
    6,
  ],
  Array [
    1,
    3,
    4,
    5,
  ],
  Array [
    1,
    3,
    4,
    6,
  ],
  Array [
    1,
    3,
    4,
  ],
  Array [
    1,
    3,
    5,
    6,
  ],
  Array [
    1,
    3,
    5,
  ],
  Array [
    1,
    3,
    6,
  ],
  Array [
    1,
    3,
  ],
  Array [
    1,
    4,
    5,
    6,
  ],
  Array [
    1,
    4,
    5,
  ],
  Array [
    1,
    4,
    6,
  ],
  Array [
    1,
    4,
  ],
  Array [
    1,
    5,
    6,
  ],
  Array [
    1,
    5,
  ],
  Array [
    1,
    6,
  ],
  Array [
    1,
  ],
  Array [
    2,
    3,
    4,
    5,
    6,
  ],
  Array [
    2,
    3,
    4,
    5,
  ],
  Array [
    2,
    3,
    4,
    6,
  ],
  Array [
    2,
    3,
    4,
  ],
  Array [
    2,
    3,
    5,
    6,
  ],
  Array [
    2,
    3,
    5,
  ],
  Array [
    2,
    3,
    6,
  ],
  Array [
    2,
    3,
  ],
  Array [
    2,
    4,
    5,
    6,
  ],
  Array [
    2,
    4,
    5,
  ],
  Array [
    2,
    4,
    6,
  ],
  Array [
    2,
    4,
  ],
  Array [
    2,
    5,
    6,
  ],
  Array [
    2,
    5,
  ],
  Array [
    2,
    6,
  ],
  Array [
    2,
  ],
  Array [
    3,
    4,
    5,
    6,
  ],
  Array [
    3,
    4,
    5,
  ],
  Array [
    3,
    4,
    6,
  ],
  Array [
    3,
    5,
    6,
  ],
  Array [
    3,
    5,
  ],
  Array [
    3,
    6,
  ],
  Array [
    4,
    5,
    6,
  ],
  Array [
    4,
    5,
  ],
  Array [
    4,
    6,
  ],
  Array [
    5,
    6,
  ],
  Array [
    5,
  ],
  Array [
    6,
  ],
]
`;

exports[`basic tests test 17 1`] = `
Array [
  Array [
    1,
    2,
    3,
    4,
    5,
    6,
  ],
  Array [
    1,
    2,
    3,
    4,
    5,
  ],
  Array [
    1,
    2,
    3,
    4,
    6,
  ],
  Array [
    1,
    2,
    3,
    4,
  ],
  Array [
    1,
    2,
    3,
    5,
    6,
  ],
  Array [
    1,
    2,
    3,
    5,
  ],
  Array [
    1,
    2,
    3,
    6,
  ],
  Array [
    1,
    2,
    3,
  ],
  Array [
    1,
    2,
    4,
    5,
    6,
  ],
  Array [
    1,
    2,
    4,
    5,
  ],
  Array [
    1,
    2,
    4,
    6,
  ],
  Array [
    1,
    2,
    4,
  ],
  Array [
    1,
    2,
    5,
    6,
  ],
  Array [
    1,
    2,
    5,
  ],
  Array [
    1,
    2,
    6,
  ],
  Array [
    1,
    2,
  ],
  Array [
    1,
    3,
    4,
    5,
    6,
  ],
  Array [
    1,
    3,
    4,
    5,
  ],
  Array [
    1,
    3,
    4,
    6,
  ],
  Array [
    1,
    3,
    4,
  ],
  Array [
    1,
    3,
    5,
    6,
  ],
  Array [
    1,
    3,
    5,
  ],
  Array [
    1,
    3,
    6,
  ],
  Array [
    1,
    3,
  ],
  Array [
    1,
    4,
    5,
    6,
  ],
  Array [
    1,
    4,
    5,
  ],
  Array [
    1,
    4,
    6,
  ],
  Array [
    1,
    4,
  ],
  Array [
    1,
    5,
    6,
  ],
  Array [
    1,
    5,
  ],
  Array [
    1,
    6,
  ],
  Array [
    1,
  ],
  Array [
    2,
    3,
    4,
    5,
    6,
  ],
  Array [
    2,
    3,
    4,
    5,
  ],
  Array [
    2,
    3,
    4,
    6,
  ],
  Array [
    2,
    3,
    4,
  ],
  Array [
    2,
    3,
    5,
    6,
  ],
  Array [
    2,
    3,
    5,
  ],
  Array [
    2,
    3,
    6,
  ],
  Array [
    2,
    3,
  ],
  Array [
    2,
    4,
    5,
    6,
  ],
  Array [
    2,
    4,
    5,
  ],
  Array [
    2,
    4,
    6,
  ],
  Array [
    2,
    4,
  ],
  Array [
    2,
    5,
    6,
  ],
  Array [
    2,
    5,
  ],
  Array [
    2,
    6,
  ],
  Array [
    2,
  ],
]
`;

exports[`basic tests test 18 1`] = `
Array [
  Array [
    3,
    4,
    5,
    6,
  ],
  Array [
    3,
    4,
    5,
  ],
  Array [
    3,
    4,
    6,
  ],
  Array [
    3,
    4,
  ],
  Array [
    3,
    5,
    6,
  ],
  Array [
    3,
    5,
  ],
  Array [
    3,
    6,
  ],
  Array [
    3,
  ],
  Array [
    4,
    5,
    6,
  ],
  Array [
    4,
    5,
  ],
  Array [
    4,
    6,
  ],
  Array [
    4,
  ],
  Array [
    5,
    6,
  ],
  Array [
    5,
  ],
  Array [
    6,
  ],
]
`;

exports[`basic tests test 19 1`] = `
Array [
  Array [
    Object {
      "id": 1,
    },
    Object {
      "id": 2,
    },
    Object {
      "id": 3,
    },
    Object {
      "id": 4,
    },
  ],
  Array [
    Object {
      "id": 1,
    },
    Object {
      "id": 2,
    },
    Object {
      "id": 3,
    },
  ],
  Array [
    Object {
      "id": 1,
    },
    Object {
      "id": 2,
    },
    Object {
      "id": 4,
    },
  ],
  Array [
    Object {
      "id": 1,
    },
    Object {
      "id": 2,
    },
  ],
  Array [
    Object {
      "id": 1,
    },
    Object {
      "id": 3,
    },
    Object {
      "id": 4,
    },
  ],
  Array [
    Object {
      "id": 1,
    },
    Object {
      "id": 3,
    },
  ],
  Array [
    Object {
      "id": 1,
    },
    Object {
      "id": 4,
    },
  ],
  Array [
    Object {
      "id": 1,
    },
  ],
  Array [
    Object {
      "id": 2,
    },
    Object {
      "id": 3,
    },
    Object {
      "id": 4,
    },
  ],
  Array [
    Object {
      "id": 2,
    },
    Object {
      "id": 3,
    },
  ],
  Array [
    Object {
      "id": 2,
    },
    Object {
      "id": 4,
    },
  ],
  Array [
    Object {
      "id": 2,
    },
  ],
]
`;

exports[`basic tests test 20 1`] = `
Array [
  Array [
    Object {
      "id": 1,
    },
    Object {
      "id": 2,
    },
    Object {
      "id": 3,
    },
    Object {
      "id": 4,
    },
  ],
  Array [
    Object {
      "id": 1,
    },
    Object {
      "id": 2,
    },
    Object {
      "id": 3,
    },
  ],
  Array [
    Object {
      "id": 1,
    },
    Object {
      "id": 2,
    },
    Object {
      "id": 4,
    },
  ],
  Array [
    Object {
      "id": 1,
    },
    Object {
      "id": 2,
    },
  ],
]
`;

exports[`basic tests test 21 1`] = `
Array [
  Array [
    Object {
      "id": 3,
    },
    Object {
      "id": 4,
    },
  ],
  Array [
    Object {
      "id": 3,
    },
  ],
  Array [
    Object {
      "id": 4,
    },
  ],
]
`;
